Script started on 2024-04-09 20:35:56-04:00

## Getting data file for Task 2 ready...
bash-4.4$ wget https://raw.githubusercontent.com/khanchandaniashish/CS131/main/Global%20YouTuube%20Statistics.csv
--2024-04-09 20:36:19--  https://raw.githubusercontent.com/khanchandaniashish/CS131/main/Global%20YouTube%20Statistics.csv
Resolving raw.githubusercontent.com (raw.githubusercontent.com)... 185.199.111.133, 185.199.109.133, 185.199.110.133, ...
Connecting to raw.githubusercontent.com (raw.githubusercontent.com)|185.199.111.133|:443... connected.
HTTP request sent, awaiting response... 200 OK
Length: 200279 (196K) [text/plain]
Saving to: â€˜Global YouTube Statistics.csvâ€™

           Global YouT   0%[                             ]       0  --.-KB/s               Global YouTube Statist 100%[============================>] 195.58K  --.-KB/s    in 0.009s  

2024-04-09 20:36:20 (21.4 MB/s) - â€˜Global YouTube Statistics.csvâ€™ saved [200279/200279]

## Task 1
bash-4.4$ nano ~/.bashrc
[?1049h[22;0;0t[1;24r(B[m[4l[?7h[39;49m[?1h=[?1h=[?1h=[?25l[39;49m(B[m[H[2J[22;39H(B[0;7m[ Reading File ](B[m[22;45H(B[0;7m 3 lines ](B[m[H(B[0;7m  GNU nano 2.9.8         /mnt/scratch/FA23_CS131_Ashish/jessesp24/.bashrc                   [1;91H(B[m[23d(B[0;7m^G(B[m Get Help    (B[0;7m^O(B[m Write Out   (B[0;7m^W(B[m Where Is    (B[0;7m^K(B[m Cut Text    (B[0;7m^J(B[m Justify     (B[0;7m^C(B[m Cur Pos[24d(B[0;7m^X(B[m Exit[24;16H(B[0;7m^R(B[m Read File   (B[0;7m^\(B[m Replace     (B[0;7m^U(B[m Uncut Text  (B[0;7m^T(B[m To Spell    (B[0;7m^_(B[m Go To Line[22d[3d[39;49m(B[malias l='ls -ltr'[4dalias w='ls -l | wc -l'[A[?12l[?25h[?25l[4d[?12l[?25h[?25l[5d[?12l[?25h[?25l[1;83H(B[0;7mModified(B[m[4;24H[?12l[?25h[?25l[A		'[?12l[?25h[?25l[?12l[?25h[?25l[23;16H        (B[0;7mM-D(B[m DOS Format         (B[0;7mM-A(B[m Append             (B[0;7mM-B(B[m Backup File[K[24;2H(B[0;7mC(B[m Cancel[16G        (B[0;7mM-M(B[m Mac Format         (B[0;7mM-P(B[m Prepend            (B[0;7m^T(B[m To Files[K[22d(B[0;7mFile Name to Write: /mnt/scratch/FA23_CS131_Ashish/jessesp24/.bashrc                        [22;1H(B[m[22;69H[?12l[?25h[?25l[K[1;91H[1;83H(B[0;7m        (B[m[22;38H(B[0;7m[ Wrote 2 lines ](B[m[23;16H(B[0;7m^O(B[m Write Out   (B[0;7m^W(B[m Where Is    (B[0;7m^K(B[m Cut Text    (B[0;7m^J(B[m Justify     (B[0;7m^C(B[m Cur Pos[24;2H(B[0;7mX(B[m Exit  [16G(B[0;7m^R(B[m Read File   (B[0;7m^\(B[m Replace     (B[0;7m^U(B[m Uncut Text  (B[0;7m^T(B[m To Spell    (B[0;7m^_(B[m Go To Line[22d[3;18H[?12l[?25h[?25l[22d[J[24;92H[?12l[?25h[24;1H[?1049l[23;0;0t[?1l>bash-4.4$ l
bash-4.4$ source ~/.bashrc
bash-4.4$ 
bash-4.4$ l
total 196
-rw-rw-r-- 1 jessesp24 jessesp24      0 Apr  9 20:35  ws4.txt
-rw-rw-r-- 1 jessesp24 jessesp24 200279 Apr  9 20:36 'Global YouTube Statistics.csv'
bash-4.4$ w
3





## Task 2 
### The commands look really messy because I put the means in the {country}.txt ar first, but then I changed it.
### 
bash-4.4$ mkdir Subscribers
bash-4.4$ cd Subscribers
bash-4.4$ ls
'Global YouTube Statistics.csv'   Subscribers   ws4.txt
bash-4.4$ grep "Japan" Global\ YouTube\ Statistics.csv | awk -F, '{print $3}' > Subscribers/Japan.txt
bash-4.4$ echo "scale=2; $(awk '{ sum += $1; count++ } END { print sum, count }' Japan.txt |  awk '{print $1 "/" $2}')"[K[K[K[K[A[C[C[C[C[C[C[C[C[C[C[C[C[C[C[C[C[C[C[C[C[C[C[C[C[C[C[C[C[C[C[C[C[C[C[C[C[C[C[C[C[C[C[C[C[C[C[C[C[C[C[C[C[C[C[C[C[C[C[C[C[C[C[C[C[C[C[C[C[C[C[C[C[C[C[C[C[C[C[C[C[C[C[C[C[C[C[C[C[C[C[C[K
> 
> ^C
bash-4.4$ echo "scale=2; $(awk '{ sum += $1; count++ } END { print sum, count }' Subscribers//United_States.txt | awk '{print $1 "/" $2}')"
scale=2; 6973100000/302
bash-4.4$ echo "scale=2; $(awk '{ sum += $1; count++ } END { print sum, count }' Subscribers//United_States.txt | awk '{print $1 "/" $2}')" | bc >> United[K[K[K[K[K[KSubscrtiev[K[K[K[Kibers/United_s[KStates.txt
bash-4.4$ echo "scale=2; $(awk '{ sum += $1; count++ } END { print sum, count }' Subscribers//Japan.txt | awk '{print $1 "/" $2}')" | bc >> Japan.txt
bash-4.4$ cd Subscribers/
bash-4.4$ nano United_States.txt 
[?1049h[22;0;0t[1;24r(B[m[4l[?7h[39;49m[?1h=[?1h=[?1h=[?25l[39;49m(B[m[H[2J[22;39H(B[0;7m[ Reading File ](B[m[22;38H(B[0;7m[ Read 303 lines ](B[m[H(B[0;7m  GNU nano 2.9.8                        United_States.txt                                   [1;91H(B[m[23d(B[0;7m^G(B[m Get Help    (B[0;7m^O(B[m Write Out   (B[0;7m^W(B[m Where Is    (B[0;7m^K(B[m Cut Text    (B[0;7m^J(B[m Justify     (B[0;7m^C(B[m Cur Pos[24d(B[0;7m^X(B[m Exit[24;16H(B[0;7m^R(B[m Read File   (B[0;7m^\(B[m Replace     (B[0;7m^U(B[m Uncut Text  (B[0;7m^T(B[m To Spell    (B[0;7m^_(B[m Go To Line[22d[3d[39;49m(B[m170000000[4d166000000[5d162000000[6d98900000[7d96000000[8d75000000[9d68200000[10d59500000[11d59500000[12d56900000[13d56400000[14d52900000[15d52700000[16d52200000[17d47900000[18d46600000[19d44200000[20d42400000[21d42400000[3d[?12l[?25h[?25l[4d[?12l[?25h[?25l[9d[?12l[?25h[?25l[11d[?12l[?25h[?25l[15d[?12l[?25h[?25l[3;21r[21;1H[10S[1;24r[12;1H40900000[13d39200000[14d38600000[15d38200000[16d38200000[17d38000000[18d37600000[19d36700000[20d36600000[21d36300000[17d[?12l[?25h[?25l[22d[K[A[?12l[?25h[?25l7[3;22r8[22d[10S[1;24r[12;1H35200000[13d35200000[14d34900000[15d33700000[16d33600000[17d32800000[18d32700000[19d31700000[20d31700000[21d31600000[19d[?12l[?25h[?25l[3;22r[22;1H[10S[1;24r[12;1H31600000[13d31200000[14d30700000[15d30700000[16d30400000[17d30200000[18d30100000[19d29600000[20d29200000[21d28400000[17d[?12l[?25h[?25l[18d[?12l[?25h[?25l[3;22r[22;1H[10S[1;24r[12;1H28200000[13d27500000[14d27500000[15d27300000[16d27000000[17d26700000[18d26700000[19d26500000[20d26400000[21d26200000[13d[?12l[?25h[?25l[3;22r[22;1H[10S[1;24r[12;1H26100000[13d25700000[14d25700000[15d25600000[16d25500000[17d25400000[18d25200000[19d25100000[20d24800000[21d24700000[16d[?12l[?25h[?25l[17d[?12l[?25h[?25l[3;22r[22;1H[10S[1;24r[12;1H24600000[13d24600000[14d24400000[15d24100000[16d24100000[17d24100000[18d24000000[19d23900000[20d23900000[21d23900000[A[?12l[?25h[?25l[3;22r[22;1H[10S[1;24r[12;1H23800000[13d23800000[14d23700000[15d23700000[16d23600000[17d23600000[18d23300000[19d23200000[20d23200000[21d23100000[13d[?12l[?25h[?25l[17d[?12l[?25h[?25l[3;22r[22;1H[10S[1;24r[12;1H23100000[13d22900000[14d22700000[15d22600000[16d22600000[17d22600000[18d22500000[19d22500000[20d22300000[21d22200000[14d[?12l[?25h[?25l[17d[?12l[?25h[?25l[3;22r[22;1H[10S[1;24r[12;1H22000000[13d22000000[14d21900000[15d21900000[16d21900000[17d21800000[18d21800000[19d21600000[20d21500000[21d21300000[12d[?12l[?25h[?25l[17d[?12l[?25h[?25l[3;22r[22;1H[10S[1;24r[12;1H21300000[13d21300000[14d21100000[15d21000000[16d21000000[17d21000000[18d20900000[19d20900000[20d20900000[21d20700000[12d[?12l[?25h[?25l[13d[?12l[?25h[?25l[20d[?12l[?25h[?25l[3;22r[22;1H[10S[1;24r[12;1H20700000[13d20700000[14d20500000[15d20400000[16d20200000[17d20100000[18d20100000[19d20100000[20d20100000[21d20100000[13d[?12l[?25h[?25l[17d[?12l[?25h[?25l[3;22r[22;1H[10S[1;24r[12;1H20100000[13d20100000[14d20000000[15d20000000[16d19800000[17d19800000[18d19700000[19d19700000[20d19600000[21d19600000[12d[?12l[?25h[?25l[13d[?12l[?25h[?25l[20d[?12l[?25h[?25l[3d201[4d0[5d0[6d198[7d198[8d197[9d197[10d196[11d196[12d196[13d196[14d192[15d191[16d1[17d8[18d88[19d86[20d84[21d84[13d[?12l[?25h[?25l[16d[?12l[?25h[?25l[20d[?12l[?25h[?25l[3;22r[22;1H[10S[1;24r[12;1H18300000[13d18300000[14d18100000[15d18100000[16d18000000[17d18000000[18d18000000[19d17900000[20d17900000[21d17900000[14d[?12l[?25h[?25l[19d[?12l[?25h[?25l[3d183[4d81[5d8[6d80[7d0[8d0[9d79[10d79[11d79[12d79[13d79[14d79[15d78[16d77[17d75[18d74[19d3[20d2[21d1[13d[?12l[?25h[?25l[14d[?12l[?25h[?25l[3;22r[22;1H[10S[1;24r[12;1H17000000[13d16900000[14d16900000[15d16900000[16d16900000[17d16700000[18d16700000[19d16600000[20d16500000[21d16500000[14d[?12l[?25h[?25l[16d[?12l[?25h[?25l[18d[?12l[?25h[?25l[20d[?12l[?25h[?25l[3;22r[22;1H[10S[1;24r[12;1H16400000[13d16400000[14d16300000[15d16300000[16d16300000[17d16300000[18d16300000[19d16200000[20d16200000[21d16200000[12d[?12l[?25h[?25l[18d[?12l[?25h[?25l[3d164[4d3[5d3[6d3[7d3[8d3[9d2[10d2[11d2[12d1[13d1[14d1[15d59[16d59[17d59[18d58[19d57[20d56[21d55[13d[?12l[?25h[?25l[16d[?12l[?25h[?25l[19d[?12l[?25h[?25l[20d[?12l[?25h[?25l[3d150[4d50[5d50[6d49[7d49[8d49[9d48[10d48[11d48[12d48[13d48[14d48[15d47[16d47[17d47[18d47[19d4[20d47[21d46[12d[?12l[?25h[?25l[18d[?12l[?25h[?25l[19d[?12l[?25h[?25l[20d[?12l[?25h[?25l[3d146[4d46[5d45[6d5[7d5[8d5[9d5[10d5[11d4[12d4[13d4[14d4[15d4[16d4[17d3[18d3[19d2[20d1[21d1[15d[?12l[?25h[?25l[16d[?12l[?25h[?25l[3;22r[22;1H[10S[1;24r[12;1H14000000[13d13900000[14d13900000[15d13900000[16d13900000[17d13800000[18d13600000[19d13600000[20d13600000[21d13500000[14d[?12l[?25h[?25l[3;22r[22;1H[10S[1;24r[12;1H13500000[13d13400000[14d13400000[15d13400000[16d13400000[17d13400000[18d13300000[19d13300000[20d13300000[21d13300000[12d[?12l[?25h[?25l[19d[?12l[?25h[?25l[3d134[4d4[5d4[6d4[7d4[8d3[9d3[10d3[11d3[12d3[13d3[14d3[15d2[16d2[17d1[18d1[19d1[20d0[21d0[18d[?12l[?25h[?25l[3d133[4d3[5d2[6d2[7d1[8d1[9d1[10d0[11d0[12d29[13d29[14d29[15d28[16d28[17d27[18d27[19d27[20d27[21d27[17d[?12l[?25h[?25l[3d129[4d29[5d28[6d28[7d27[8d27[9d27[10d27[11d27[12d6[13d6[14d5[15d5[16d5[17d5[18d4[19d4[20d4[21d4[12d[?12l[?25h[?25l[13d[?12l[?25h[?25l[15d[?12l[?25h[?25l[3d126[4d5[5d5[6d5[7d5[8d4[9d4[10d4[11d4[12d4[13d4[14d[K[15d23089735.09[16d[K[17d[K[18d[K[19d[K[20d[K[21d[K[16d[?12l[?25h[?25l[?12l[?25h[?25l[?12l[?25h[?25l[?12l[?25h[?25l[?12l[?25h[?25l[?12l[?25h[?25l[?12l[?25h[?25l[?12l[?25h[?25l[?12l[?25h[?25l[?12l[?25h[?25l[?12l[?25h[?25l[?12l[?25h[?25l[?12l[?25h[?25l[?12l[?25h[?25l[?12l[?25h[?25l[?12l[?25h[?25l[?12l[?25h[?25l[?12l[?25h[?25l[?12l[?25h[?25l[?12l[?25h[?25l[?12l[?25h[?25l[?12l[?25h[?25l[?12l[?25h[?25l[?12l[?25h[?25l[?12l[?25h[?25l[?12l[?25h[?25l[?12l[?25h[?25l[?12l[?25h[?25l[?12l[?25h[?25l[?12l[?25h[?25l[?12l[?25h[?25l[?12l[?25h[?25l[?12l[?25h[?25l[?12l[?25h[?25l[?12l[?25h[?25l[?12l[?25h[?25l[?12l[?25h[?25l[?12l[?25h[?25l[?12l[?25h[?25l[?12l[?25h[?25l[?12l[?25h[?25l[?12l[?25h[?25l[?12l[?25h[?25l[?12l[?25h[?25l[?12l[?25h[?25l[?12l[?25h[?25l[?12l[?25h[?25l[?12l[?25h[?25l[?12l[?25h[?25l[?12l[?25h[?25l[?12l[?25h[?25l[?12l[?25h[?25l[?12l[?25h[?25l[?12l[?25h[?25l[?12l[?25h[?25l[?12l[?25h[?25l[?12l[?25h[?25l[?12l[?25h[?25l[?12l[?25h[?25l[?12l[?25h[?25l[?12l[?25h[?25l[?12l[?25h[?25l[?12l[?25h[?25l[?12l[?25h[?25l[?12l[?25h[?25l[?12l[?25h[?25l[?12l[?25h[?25l[?12l[?25h[?25l[?12l[?25h[?25l[?12l[?25h[?25l[?12l[?25h[?25l[?12l[?25h[?25l[?12l[?25h[?25l[?12l[?25h[?25l[?12l[?25h[?25l[?12l[?25h[?25l[?12l[?25h[?25l[?12l[?25h[?25l[?12l[?25h[?25l[?12l[?25h[?25l[?12l[?25h[?25l[?12l[?25h[?25l[?12l[?25h[?25l[?12l[?25h[?25l[?12l[?25h[?25l[?12l[?25h[?25l[?12l[?25h[?25l[?12l[?25h[?25l[?12l[?25h[?25l[?12l[?25h[?25l[?12l[?25h[?25l[?12l[?25h[?25l[?12l[?25h[?25l[?12l[?25h[?25l[?12l[?25h[?25l[?12l[?25h[?25l[?12l[?25h[?25l[?12l[?25h[?25l[?12l[?25h[?25l[?12l[?25h[?25l[?12l[?25h[?25l[?12l[?25h[?25l[?12l[?25h[?25l[?12l[?25h[?25l[?12l[?25h[?25l[?12l[?25h[?25l[?12l[?25h[?25l[?12l[?25h[?25l[?12l[?25h[?25l[?12l[?25h[?25l[?12l[?25h[?25l[?12l[?25h[?25l[?12l[?25h[?25l[?12l[?25h[?25l[?12l[?25h[?25l[?12l[?25h[?25l[?12l[?25h[?25l[?12l[?25h[?25l[?12l[?25h[?25l[?12l[?25h[?25l[?12l[?25h[?25l[?12l[?25h[?25l[?12l[?25h[?25l[?12l[?25h[?25l[?12l[?25h[?25l[?12l[?25h[?25l[?12l[?25h[?25l[?12l[?25h[?25l[?12l[?25h[?25l[?12l[?25h[?25l[?12l[?25h[?25l[?12l[?25h[?25l[?12l[?25h[?25l[?12l[?25h[?25l[?12l[?25h[?25l[?12l[?25h[?25l[?12l[?25h[?25l[?12l[?25h[?25l[?12l[?25h[?25l[?12l[?25h[?25l[?12l[?25h[?25l[?12l[?25h[?25l[23d[J[24;92H[?12l[?25h[24;1H[?1049l[23;0;0t[?1l>bash-4.4$ nano Japan.txt 
[?1049h[22;0;0t[1;24r(B[m[4l[?7h[39;49m[?1h=[?1h=[?1h=[?25l[39;49m(B[m[H[2J[22;39H(B[0;7m[ Reading File ](B[m[22;45H(B[0;7m 5 lines ](B[m[H(B[0;7m  GNU nano 2.9.8                            Japan.txt                                       [1;91H(B[m[23d(B[0;7m^G(B[m Get Help    (B[0;7m^O(B[m Write Out   (B[0;7m^W(B[m Where Is    (B[0;7m^K(B[m Cut Text    (B[0;7m^J(B[m Justify     (B[0;7m^C(B[m Cur Pos[24d(B[0;7m^X(B[m Exit[24;16H(B[0;7m^R(B[m Read File   (B[0;7m^\(B[m Replace     (B[0;7m^U(B[m Uncut Text  (B[0;7m^T(B[m To Spell    (B[0;7m^_(B[m Go To Line[22d[3d[39;49m(B[m111000000[4d26200000[5d22000000[6d15000000[3d[?12l[?25h[?25l[22d[J[24;92H[?12l[?25h[24;1H[?1049l[23;0;0t[?1l>bash-4.4$ nano Japan.txt [8@United_States[C[C[C[C[C[C[C[C[C[C[C[C[C[C[C[8Pcd Subscribers/[C[C[C[C[C[C[C[C[C[Cecho "scale=2; $(awk '{ sum += $1; count++ } END { print sum, count }' Subscribers//Japan.txt | awk '{print $1 "/" $2}')" | bc >> Japan.txt\[K[K[K[K[K[K[K[K[K[K[K[K[K[K
awk: fatal: cannot open file `Subscribers/Japan.txt' for reading (No such file or directory)
bash-4.4$ echo "scale=2; $(awk '{ sum += $1; count++ } END { print sum, count }' Subscribers//Japan.txt | awk '{print $1 "/" $2}')" | bc[K[K[K[K[K[A[C[C[C[C[C[C[C[C[C[C[C[C[C[C[C[C[C[C[C[C[C[C[C[C[C[C[C[C[C[C[C[C[C[C[C[C[C[C[C[C[C[C[C[C[C[C[C[C[C[C[C[C[C[C[C[C[C[C[C[C[C[C[C[C[C[C[C[C[C[C[C[C[C[C[C[C[C[C[C[C[C[C[C[C[C[C[C[C[C[C[C[C[C[C[C[C[C[C[C[C[C[C[C[C
[C[1P[A[C[C[C[C[C[C[C[C[C[C[C[C[C[C[C[C[C[C[C[C[C[C[C[C[C[C[C[C[C[C[C[C[C[C[C[C[C[C[C[C[C[C[C[C[C[C[C[C[C[C[C[C[C[C[C[C[C[C[C[C[C[C[C[C[C[C[C[C[C[C[C[C[C[C[C[C[C[C[C[C[C[C[C[C[C[C[C[C[C[C[CJa[1P[A[C[C[C[C[C[C[C[C[C[C[C[C[C[C[C[C[C[C[C[C[C[C[C[C[C[C[C[C[C[C[C[C[C[C[C[C[C[C[C[C[C[C[C[C[C[C[C[C[C[C[C[C[C[C[C[C[C[C[C[C[C[C[C[C[C[C[C[C[C[C[C[C[C[C[C[C[C[C[C[C[C[C[C[C[C[C[C[C[C[CJap[1P[A[C[C[C[C[C[C[C[C[C[C[C[C[C[C[C[C[C[C[C[C[C[C[C[C[C[C[C[C[C[C[C[C[C[C[C[C[C[C[C[C[C[C[C[C[C[C[C[C[C[C[C[C[C[C[C[C[C[C[C[C[C[C[C[C[C[C[C[C[C[C[C[C[C[C[C[C[C[C[C[C[C[C[C[C[C[C[C[C[CJapa[1P[A[C[C[C[C[C[C[C[C[C[C[C[C[C[C[C[C[C[C[C[C[C[C[C[C[C[C[C[C[C[C[C[C[C[C[C[C[C[C[C[C[C[C[C[C[C[C[C[C[C[C[C[C[C[C[C[C[C[C[C[C[C[C[C[C[C[C[C[C[C[C[C[C[C[C[C[C[C[C[C[C[C[C[C[C[C[C[C[CJapan[1P[A[C[C[C[C[C[C[C[C[C[C[C[C[C[C[C[C[C[C[C[C[C[C[C[C[C[C[C[C[C[C[C[C[C[C[C[C[C[C[C[C[C[C[C[C[C[C[C[C[C[C[C[C[C[C[C[C[C[C[C[C[C[C[C[C[C[C[C[C[C[C[C[C[C[C[C[C[C[C[C[C[C[C[C[C[C[C[CJapan.[1P[A[C[C[C[C[C[C[C[C[C[C[C[C[C[C[C[C[C[C[C[C[C[C[C[C[C[C[C[C[C[C[C[C[C[C[C[C[C[C[C[C[C[C[C[C[C[C[C[C[C[C[C[C[C[C[C[C[C[C[C[C[C[C[C[C[C[C[C[C[C[C[C[C[C[C[C[C[C[C[C[C[C[C[C[C[C[CJapan.t[1P[A[C[C[C[C[C[C[C[C[C[C[C[C[C[C[C[C[C[C[C[C[C[C[C[C[C[C[C[C[C[C[C[C[C[C[C[C[C[C[C[C[C[C[C[C[C[C[C[C[C[C[C[C[C[C[C[C[C[C[C[C[C[C[C[C[C[C[C[C[C[C[C[C[C[C[C[C[C[C[C[C[C[C[C[C[CJapan.tx[1P[A[C[C[C[C[C[C[C[C[C[C[C[C[C[C[C[C[C[C[C[C[C[C[C[C[C[C[C[C[C[C[C[C[C[C[C[C[C[C[C[C[C[C[C[C[C[C[C[C[C[C[C[C[C[C[C[C[C[C[C[C[C[C[C[C[C[C[C[C[C[C[C[C[C[C[C[C[C[C[C[C[C[C[C[CJapan.txt[1P[A[C[C[C[C[C[C[C[C[C[C[C[C[C[C[C[C[C[C[C[C[C[C[C[C[C[C[C[C[C[C[C[C[C[C[C[C[C[C[C[C[C[C[C[C[C[C[C[C[C[C[C[C[C[C[C[C[C[C[C[C[C[C[C[C[C[C[C[C[C[C[C[C[C[C[C[C[C[C[C[C[C[C[CJapan.txt [1P[A[C[C[C[C[C[C[C[C[C[C[C[C[C[C[C[C[C[C[C[C[C[C[C[C[C[C[C[C[C[C[C[C[C[C[C[C[C[C[C[C[C[C[C[C[C[C[C[C[C[C[C[C[C[C[C[C[C[C[C[C[C[C[C[C[C[C[C[C[C[C[C[C[C[C[C[C[C[C[C[C[C[CJapan.txt |[1P[A[C[C[C[C[C[C[C[C[C[C[C[C[C[C[C[C[C[C[C[C[C[C[C[C[C[C[C[C[C[C[C[C[C[C[C[C[C[C[C[C[C[C[C[C[C[C[C[C[C[C[C[C[C[C[C[C[C[C[C[C[C[C[C[C[C[C[C[C[C[C[C[C[C[C[C[C[C[C[C[C[CJapan.txt | [1P[A[C[C[C[C[C[C[C[C[C[C[C[C[C[C[C[C[C[C[C[C[C[C[C[C[C[C[C[C[C[C[C[C[C[C[C[C[C[C[C[C[C[C[C[C[C[C[C[C[C[C[C[C[C[C[C[C[C[C[C[C[C[C[C[C[C[C[C[C[C[C[C[C[C[C[C[C[C[C[C[C

scale=2; 174200000/5
bash-4.4$ echo "scale=2; $(awk '{ sum += $1; count++ } END { print sum, count }' Japan.txt |  awk '{print $1 "/" $2}')"[A[C[C[C[C[C[C[C[C[C[C[C[C[C[C[C[C[C[C[C[C[C[C[C[C[C[C[C[C[C[C[C[C[C[C[C[C[C[C[C[C[C[C[C[C[C[C[C[C[C[C[C[C[C[C[CSubscribers/Japan.txt | awk '{print $1 "/" $2}')" | bc[A[C[C[C[C[C[C[C[C[C[Cnano Japan.txt [K
[K[A[C[C[C[C[C[C[C[C[C[C[C[C[C[C[C[C[C[C[C[C[C[C[C[C[C[8@United_States[C[C[C[C[C[C[C[C[C[C[C[C[C[C[C[8Pcd Subscribers/[C[C[C[C[C[C[C[C[C[Cecho "scale=2; $(awk '{ sum += $1; count++ } END { print sum, count }' Subscribers//Japan.txt | awk '{print $1 "/" $2}')" | bc >> Japan.txt[CUnited_States.txt | awk '{print $1 "/" $2}')" | bc >> Subscribers/United_States.txt[K[A[C[C[C[C[C[C[C[C[C[C[C[C[C[C[C[C[C[C[C[C[C[C[C[C[C[C[C[C[C[C[C[C[C[C[C[2PJapan.txt
[K[A[C[C[C[C[C[C[C[C[C[Cgrep "Japan" Global\ YouTube\ Statistics.csv | awk -F, '{print $3}' > Subscribers/JJapan.txt[A[C[C[C[C[C[C[C[C[C[C[C[C[C[C[14Pdata.txt | awk -F, '{print $3}' > Subscribers/Japan.txt
[K[A[C[C[C[C[C[C[C[C[C[C[C[C[C[C[C[C[C[C[C[C[C[C[C[C[C[C[C[C[C[C[C[C[C[C[C[C[C[C[C[C[C[C[C[C[C[C[C[C[C[C[C[C[C[C[C[C[C[C[C[C[C[C[C[C[C[C[C[C[C[C[C[C[C[C[C[C[C[C[C[C[C[C[C[C[C[C[C[Cls[Kgrep "Japan" data.txt | awk -F, '{print $3}' > Subscribers/Japan.txt[C[C[C[C[C[C[C[C[C[C[C[C[C[C[C[C[C[C[C[C[C[C[CGlobal\ YouTube\ Statistics.csv | awk -F, '{print $3}' > Subscribers/JJapan.txt[A[C[C[C[C[C[C[C[C[C[C[C[C[C[C[C[C[C[C[C[C[C[C[C[C[C[C[C[C[C[C[C[C[C[C[C[C[C[C[C[C[C[C[C[C[C[C[C[C[C[C[C[C[C[C[C[C[C[C[C[C[C[C[C[C[C[C[C[C[C[C[C[C[C[C[C[C[C[C[C[C[C[C[C[C[C[C[C[C[C[C[CJa[1Ppan.txt[A[C[C[C[C[C[C[C[C[C[C[C[C[C[C[C[C[C[C[C[C[C[C[C[C[C[C[C[C[C[C[C[C[C[C[C[C[C[C[C[C[C[C[C[C[C[C[C[C[C[C[C[C[C[C[C[C[C[C[C[C[C[C[C[C[C[C[C[C[C[C[C[C[C[C[C[C[C[C[C[C[C[C[CJap[1Pan.txt[A[C[C[C[C[C[C[C[C[C[C[C[C[C[C[C[C[C[C[C[C[C[C[C[C[C[C[C[C[C[C[C[C[C[C[C[C[C[C[C[C[C[C[C[C[C[C[C[C[C[C[C[C[C[C[C[C[C[C[C[C[C[C[C[C[C[C[C[C[C[C[C[C[C[C[C[C[C[C[C[C[C[C[CJapa[1Pn.txt[A[C[C[C[C[C[C[C[C[C[C[C[C[C[C[C[C[C[C[C[C[C[C[C[C[C[C[C[C[C[C[C[C[C[C[C[C[C[C[C[C[C[C[C[C[C[C[C[C[C[C[C[C[C[C[C[C[C[C[C[C[C[C[C[C[C[C[C[C[C[C[C[C[C[C[C[C[C[C[C[C[C[C[CJapan[1P.txt[A[C[C[C[C[C[C[C[C[C[C[C[C[C[C[C[C[C[C[C[C[C[C[C[C[C[C[C[C[C[C[C[C[C[C[C[C[C[C[C[C[C[C[C[C[C[C[C[C[C[C[C[C[C[C[C[C[C[C[C[C[C[C[C[C[C[C[C[C[C[C[C[C[C[C[C[C[C[C[C[C[C[C[CJapan.[1Ptxt[A[C[C[C[C[C[C[C[C[C[C[C[C[C[C[C[C[C[C[C[C[C[C[C[C[C[C[C[C[C[C[C[C[C[C[C[C[C[C[C[C[C[C[C[C[C[C[C[C[C[C[C[C[C[C[C[C[C[C[C[C[C[C[C[C[C[C[C[C[C[C[C[C[C[C[C[C[C[C[C[C[C[C[CJapan.t[1Pxt[A[C[C[C[C[C[C[C[C[C[C[C[C[C[C[C[C[C[C[C[C[C[C[C[C[C[C[C[C[C[C[C[C[C[C[C[C[C[C[C[C[C[C[C[C[C[C[C[C[C[C[C[C[C[C[C[C[C[C[C[C[C[C[C[C[C[C[C[C[C[C[C[C[C[C[C[C[C[C[C[C[C[C[CJapan.tx[1Pt[A[C[C[C[C[C[C[C[C[C[C[C[C[C[C[C[C[C[C[C[C[C[C[C[C[C[C[C[C[C[C[C[C[C[C[C[C[C[C[C[C[C[C[C[C[C[C[C[C[C[C[C[C[C[C[C[C[C[C[C[C[C[C[C[C[C[C[C[C[C[C[C[C[C[C[C[C[C[C[C[C[C[C[CJapan.txt[K[A[C[C[C[C[C[C[C[C[C[C[C[C[C[C[C[C[C[C[C[C[C[C[C[C[C[C[C[C[C[C[C[C[C[C[C[C[C[C[C[C[C[C[C[C[C[C[C[C[C[C[C[C[C[C[C[C[C[C[C[C[C[C[C[C[C[C[C[C[C[C[C[C[C[C[C[C[C[C[C[C[C[C[CJapan.txt [K[A[C[C[C[C[C[C[C[C[C[C[C[C[C[C[C[C[C[C[C[C[C[C[C[C[C[C[C[C[C[C[C[C[C[C[C[C[C[C[C[C[C[C[C[C[C[C[C[C[C[C[C[C[C[C[C[C[C[C[C[C[C[C[C[C[C[C[C[C[C[C[C[C[C[C[C[C[C[C[C[C[C[C[C[1PJapan.txt
[K[A[C[C[C[C[C[C[C[C[C[C[C[C[C[C[C[C[C[C[C[C[C[C[C[C[C[C[C[C[C[C[C[C[C[C[C[C[C[C[C[C[C[C[C[C[C[C[C[C[C[C[C[C[C[C[C[C[C[C[C[C[C[C[C[C[C[C[C[C[C[C[C[C[C[C[C[C[C[C[C[C[C[C[1PJapan.txt[1PJapan.txt
grep: Global YouTube Statistics.csv: No such file or directory
bash-4.4$ cd ..
bash-4.4$ cd ..grep "Japan" Global\ YouTube\ Statistics.csv | awk -F, '{print $3}' > Japan.txtSJapan.txtuJapan.txtbJapan.txt [A[C[C[C[C[C[C[C[C[C[C[C[C[C[C[C[C[C[C[C[C[C[C[C[C[C[C[C[C[C[C[C[C[C[C[C[C[C[C[C[C[C[C[C[C[C[C[C[C[C[C[C[C[C[C[C[C[C[C[C[C[C[C[C[C[C[C[C[C[C[C[C[C[C[C[C[C[C[C[C[C[C[CsJapan.txtt[A[C[C[C[C[C[C[C[C[C[C[C[C[C[C[C[C[C[C[C[C[C[C[C[C[C[C[C[C[C[C[C[C[C[C[C[C[C[C[C[C[C[C[C[C[C[C[C[C[C[C[C[C[C[C[C[C[C[C[C[C[C[C[C[C[C[C[C[C[C[C[C[C[C[C[C[C[C[C[C[C[C[C[CcJapan.txt[A[C[C[C[C[C[C[C[C[C[C[C[C[C[C[C[C[C[C[C[C[C[C[C[C[C[C[C[C[C[C[C[C[C[C[C[C[C[C[C[C[C[C[C[C[C[C[C[C[C[C[C[C[C[C[C[C[C[C[C[C[C[C[C[C[C[C[C[C[C[C[C[C[C[C[C[C[C[C[C[C[C[C[CrJapan.txt[A[C[C[C[C[C[C[C[C[C[C[C[C[C[C[C[C[C[C[C[C[C[C[C[C[C[C[C[C[C[C[C[C[C[C[C[C[C[C[C[C[C[C[C[C[C[C[C[C[C[C[C[C[C[C[C[C[C[C[C[C[C[C[C[C[C[C[C[C[C[C[C[C[C[C[C[C[C[C[C[C[C[C[CiJapan.txt[A[C[C[C[C[C[C[C[C[C[C[C[C[C[C[C[C[C[C[C[C[C[C[C[C[C[C[C[C[C[C[C[C[C[C[C[C[C[C[C[C[C[C[C[C[C[C[C[C[C[C[C[C[C[C[C[C[C[C[C[C[C[C[C[C[C[C[C[C[C[C[C[C[C[C[C[C[C[C[C[C[C[C[CbJapan.txt[A[C[C[C[C[C[C[C[C[C[C[C[C[C[C[C[C[C[C[C[C[C[C[C[C[C[C[C[C[C[C[C[C[C[C[C[C[C[C[C[C[C[C[C[C[C[C[C[C[C[C[C[C[C[C[C[C[C[C[C[C[C[C[C[C[C[C[C[C[C[C[C[C[C[C[C[C[C[C[C[C[C[C[CeJapan.txt[A[C[C[C[C[C[C[C[C[C[C[C[C[C[C[C[C[C[C[C[C[C[C[C[C[C[C[C[C[C[C[C[C[C[C[C[C[C[C[C[C[C[C[C[C[C[C[C[C[C[C[C[C[C[C[C[C[C[C[C[C[C[C[C[C[C[C[C[C[C[C[C[C[C[C[C[C[C[C[C[C[C[C[CrJapan.txt[A[C[C[C[C[C[C[C[C[C[C[C[C[C[C[C[C[C[C[C[C[C[C[C[C[C[C[C[C[C[C[C[C[C[C[C[C[C[C[C[C[C[C[C[C[C[C[C[C[C[C[C[C[C[C[C[C[C[C[C[C[C[C[C[C[C[C[C[C[C[C[C[C[C[C[C[C[C[C[C[C[C[C[CsJapan.txt[A[C[C[C[C[C[C[C[C[C[C[C[C[C[C[C[C[C[C[C[C[C[C[C[C[C[C[C[C[C[C[C[C[C[C[C[C[C[C[C[C[C[C[C[C[C[C[C[C[C[C[C[C[C[C[C[C[C[C[C[C[C[C[C[C[C[C[C[C[C[C[C[C[C[C[C[C[C[C[C[C[C[C[C/Japan.txt
bash-4.4$ cd Subscribers/
bash-4.4$ nano Japan.txt 
[?1049h[22;0;0t[1;24r(B[m[4l[?7h[39;49m[?1h=[?1h=[?1h=[?25l[39;49m(B[m[H[2J[22;39H(B[0;7m[ Reading File ](B[m[22;45H(B[0;7m 5 lines ](B[m[H(B[0;7m  GNU nano 2.9.8                            Japan.txt                                       [1;91H(B[m[23d(B[0;7m^G(B[m Get Help    (B[0;7m^O(B[m Write Out   (B[0;7m^W(B[m Where Is    (B[0;7m^K(B[m Cut Text    (B[0;7m^J(B[m Justify     (B[0;7m^C(B[m Cur Pos[24d(B[0;7m^X(B[m Exit[24;16H(B[0;7m^R(B[m Read File   (B[0;7m^\(B[m Replace     (B[0;7m^U(B[m Uncut Text  (B[0;7m^T(B[m To Spell    (B[0;7m^_(B[m Go To Line[22d[3d[39;49m(B[m111000000[4d26200000[5d22000000[6d15000000[3d[?12l[?25h[?25l[22d[J[24;92H[?12l[?25h[24;1H[?1049l[23;0;0t[?1l>bash-4.4$ nano Japan.txt [C[C[C[C[C[C[C[C[C[Ccd Subscribers/[C[C[C[C[C[C[C[C[C[Cgrep "Japan" Global\ YouTube\ Statistics.csv | awk -F, '{print $3}' > Subscribers/JJapan.txt[A[Ccd ..[K
[K[A[C[C[C[C[C[C[C[C[C[C[C[C[C[C[Cgrep "Japan" Global\ YouTube\ Statistics.csv | awk -F, '{print $3}' > Japan.txt[C[C[C[C[C[C[C[C[C[Cecho "scale=2; $(awk '{ sum += $1; count++ } END { print sum, count }' Japan.txt |  awk '{print $1 "/" $2}')"[A[C[C[C[C[C[C[C[C[C[C[C[C[C[C[C[C[C[C[C[C[C[C[C[C[C[C[C[C[C[C[C[C[C[C[C[C[C[C[C[C[C[C[C[C[C[C[C[C[C[C[C[C[C[C[CSubscribers/Japan.txt | awk '{print $1 "/" $2}')" | bc[A[C[C[C[C[C[C[C[C[C[C[C[C[C[C[C[C[C[C[C[C[C[C[C[C[C[C[C[C[C[C[C[C[C[C[C[C[C[CJapan.txt | [17Pawk '{print $1 "/" $2}')" | bc
34840000.00
bash-4.4$ echo "scale=2; $(awk '{ sum += $1; count++ } END { print sum, count }' Japan.txt |  awk '{print $1 "/" $2}')" | bc >> Japan.txt
bash-4.4$ nano Japan.txt 
[?1049h[22;0;0t[1;24r(B[m[4l[?7h[39;49m[?1h=[?1h=[?1h=[?25l[39;49m(B[m[H[2J[22;39H(B[0;7m[ Reading File ](B[m[22;45H(B[0;7m 6 lines ](B[m[H(B[0;7m  GNU nano 2.9.8                            Japan.txt                                       [1;91H(B[m[23d(B[0;7m^G(B[m Get Help    (B[0;7m^O(B[m Write Out   (B[0;7m^W(B[m Where Is    (B[0;7m^K(B[m Cut Text    (B[0;7m^J(B[m Justify     (B[0;7m^C(B[m Cur Pos[24d(B[0;7m^X(B[m Exit[24;16H(B[0;7m^R(B[m Read File   (B[0;7m^\(B[m Replace     (B[0;7m^U(B[m Uncut Text  (B[0;7m^T(B[m To Spell    (B[0;7m^_(B[m Go To Line[22d[3d[39;49m(B[m111000000[4d26200000[5d22000000[6d15000000[8d34840000.00[3d[?12l[?25h[?25l[22d[J[24;92H[?12l[?25h[24;1H[?1049l[23;0;0t[?1l>bash-4.4$ nano Japan.txt [C[C[C[C[C[C[C[C[C[Cecho "scale=2; $(awk '{ sum += $1; count++ } END { print sum, count }' Japan.txt |  awk '{print $1 "/" $2}')" | bc >> Japan.txt[K[A[C[C[C[C[C[C[C[C[C[Cnano Japan.txt [K
[K[A[C[C[C[C[C[C[C[C[C[C[C[C[C[C[C[C[C[C[C[C[C[C[C[C[C[C[C[C[C[C[C[C[C[C[Cecho "scale=2; $(awk '{ sum += $1; count++ } END { print sum, count }' Japan.txt |  awk '{print $1 "/" $2}')" | bc[A[C[C[C[C[C[C[C[C[C[Cnano Japan.txt [K
[K[A[C[C[C[C[C[C[C[C[C[C[C[C[C[C[C[C[C[C[C[C[C[C[C[C[C[C[C[C[C[C[C[C[C[C[Ccd Subscribers/[C[C[C[C[C[C[C[C[C[Cnano Japan.txt [C[C[C[C[C[C[C[C[C[Ccd Subscribers/[C[C[C[C[C[C[C[C[C[Cgrep "Japan" Global\ YouTube\ Statistics.csv | awk -F, '{print $3}' > Subscribers/JJapan.txt[A[Ccd ..[K
[K[A[C[C[C[C[C[C[C[C[C[C[C[C[C[C[Cgrep "Japan" Global\ YouTube\ Statistics.csv | awk -F, '{print $3}' > Japan.txt[C[C[C[C[C[C[C[C[C[Ccd ..[Kgrep "Japan" Global\ YouTube\ Statistics.csv | awk -F, '{print $3}' > Subscribers/JJapan.txt[A[Ccd Subscribers/[K
[K[A[C[C[C[C[C[C[C[C[C[C[C[C[C[C[C[C[C[C[C[C[C[C[C[C[C[C[C[C[C[C[C[C[C[C[Cnano Japan.txt [C[C[C[C[C[C[C[C[C[Ccd Subscribers/[C[C[C[C[C[C[C[C[C[Cgrep "Japan" Global\ YouTube\ Statistics.csv | awk -F, '{print $3}' > Subscribers/JJapan.txt[A[Ccd ..[K
[K[A[C[C[C[C[C[C[C[C[C[C[C[C[C[C[C
bash-4.4$ cd ..nano Japan.txt [C[C[C[C[C[C[C[C[C[Cecho "scale=2; $(awk '{ sum += $1; count++ } END { print sum, count }' Japan.txt |  awk '{print $1 "/" $2}')" | bc >> Japan.txt[K[A[C[C[C[C[C[C[C[C[C[Cnano Japan.txt [K
[K[A[C[C[C[C[C[C[C[C[C[C[C[C[C[C[C[C[C[C[C[C[C[C[C[C[C[C[C[C[C[C[C[C[C[C[Ccd Subscribers/[C[C[C[C[C[C[C[C[C[Cgrep "Japan" Global\ YouTube\ Statistics.csv | awk -F, '{print $3}' > Subscribers/JJapan.txt
bash-4.4$ grep "Japan" Global\ YouTube\ Statistics.csv | awk -F, '{print $3}' > Subscribers/JJapan.txt[A[Ccd ..[K
[K[A[C[C[C[C[C[C[C[C[C[C[C[C[C[C[Cnano Japan.txt [C[C[C[C[C[C[C[C[C[Cecho "scale=2; $(awk '{ sum += $1; count++ } END { print sum, count }' Japan.txt |  awk '{print $1 "/" $2}')" | bc >> Japan.txt[K[A[C[C[C[C[C[C[C[C[C[Cnano Japan.txt [K
[K[A[C[C[C[C[C[C[C[C[C[C[C[C[C[C[C[C[C[C[C[C[C[C[C[C[C[C[C[C[C[C[C[C[C[C[Ccd Subscribers/[C[C[C[C[C[C[C[C[C[Cgrep "Japan" Global\ YouTube\ Statistics.csv | awk -F, '{print $3}' > Subscribers/JJapan.txt[A[Ccd ..[K
[K[A[C[C[C[C[C[C[C[C[C[C[C[C[C[C[Cgrep "Japan" Global\ YouTube\ Statistics.csv | awk -F, '{print $3}' > Japan.txt[C[C[C[C[C[C[C[C[C[Cecho "scale=2; $(awk '{ sum += $1; count++ } END { print sum, count }' Japan.txt |  awk '{print $1 "/" $2}')"[A[C[C[C[C[C[C[C[C[C[C[C[C[C[C[C[C[C[C[C[C[C[C[C[C[C[C[C[C[C[C[C[C[C[C[C[C[C[C[C[C[C[C[C[C[C[C[C[C[C[C[C[C[C[C[CSubscribers/Japan.txt | awk '{print $1 "/" $2}')" | bc[A[C[C[C[C[C[C[C[C[C[Cnano Japan.txt [K
[K[A[C[C[C[C[C[C[C[C[C[C[C[C[C[C[C[C[C[C[C[C[C[C[C[C[C[8@United_States[C[C[C[C[C[C[C[C[C[C[C[C[C[C[C[8Pcd Subscribers/[C[C[C[C[C[C[C[C[C[Cecho "scale=2; $(awk '{ sum += $1; count++ } END { print sum, count }' Subscribers//Japan.txt | awk '{print $1 "/" $2}')" | bc >> Japan.txt[CUnited_States.txt | awk '{print $1 "/" $2}')" | bc >> Subscribers/United_States.txt
(standard_in) 1: syntax error
bash-4.4$ echo "scale=2; $(awk '{ sum += $1; count++ } END { print sum, count }' Subscribers//United_States.txt | awk '{print $1 "/" $2}')" | bc >> Subscribers/United_States.txt[A[C[C[C[C[C[C[C[C[C[Cgrep "Japan" Global\ YouTube\ Statistics.csv | awk -F, '{print $3}' > Subscribers/Japan.txt[K[A[Ccd ..[K
[K[A[C[C[C[C[C[C[C[C[C[C[C[C[C[C[Cnano Japan.txt [C[C[C[C[C[C[C[C[C[Cecho "scale=2; $(awk '{ sum += $1; count++ } END { print sum, count }' Japan.txt |  awk '{print $1 "/" $2}')" | bc >> Japan.txt[K[A[C[C[C[C[C[C[C[C[C[Cnano Japan.txt [K
[K[A[C[C[C[C[C[C[C[C[C[C[C[C[C[C[C[C[C[C[C[C[C[C[C[C[C[C[C[C[C[C[C[C[C[C[Ccd Subscribers/[C[C[C[C[C[C[C[C[C[Cgrep "Japan" Global\ YouTube\ Statistics.csv | awk -F, '{print $3}' > Subscribers/JJapan.txt[A[Ccd ..[K
[K[A[C[C[C[C[C[C[C[C[C[C[C[C[C[C[Cgrep "Japan" Global\ YouTube\ Statistics.csv | awk -F, '{print $3}' > Japan.txt[C[C[C[C[C[C[C[C[C[Cecho "scale=2; $(awk '{ sum += $1; count++ } END { print sum, count }' Japan.txt |  awk '{print $1 "/" $2}')"[A[C[C[C[C[C[C[C[C[C[C[C[C[C[C[C[C[C[C[C[C[C[C[C[C[C[C[C[C[C[C[C[C[C[C[C[C[C[C[C[C[C[C[C[C[C[C[C[C[C[C[C[C[C[C[CSubscribers/Japan.txt | awk '{print $1 "/" $2}')" | bc[A[C[C[C[C[C[C[C[C[C[Cnano Japan.txt [K
[K[A[C[C[C[C[C[C[C[C[C[C[C[C[C[C[C[C[C[C[C[C[C[C[C[C[C[8@United_States[C[C[C[C[C[C[C[C[C[C[C[C[C[C[C[8Pcd Subscribers/[C[C[C[C[C[C[C[C[C[Cecho "scale=2; $(awk '{ sum += $1; count++ } END { print sum, count }' Subscribers//Japan.txt | awk '{print $1 "/" $2}')" | bc >> Japan.txt[CUnited_States.txt | awk '{print $1 "/" $2}')" | bc >> Subscribers/United_States.txt[K[A[C[C[C[C[C[C[C[C[C[C[C[C[C[C[C[C[C[C[C[C[C[C[C[C[C[C[C[C[C[C[C[C[C[C[C[2PJapan.txt
[K[A[C[C[C[C[C[C[C[C[C[Cgrep "Japan" Global\ YouTube\ Statistics.csv | awk -F, '{print $3}' > Subscribers/JJapan.txt[A[C[C[C[C[C[C[C[C[C[C[C[C[C[C[14Pdata.txt | awk -F, '{print $3}' > Subscribers/Japan.txt
[K[A[C[C[C[C[C[C[C[C[C[C[C[C[C[C[C[C[C[C[C[C[C[C[C[C[C[C[C[C[C[C[C[C[C[C[C[C[C[C[C[C[C[C[C[C[C[C[C[C[C[C[C[C[C[C[C[C[C[C[C[C[C[C[C[C[C[C[C[C[C[C[C[C[C[C[C[C[C[C[C[C[C[C[C[C[C[C[C[Cls[Kcd ..nano United_States.txt [C[C[C[C[C[C[C[C[C[C[8Pcd Subscribers/[C[C[C[C[C[C[C[C[C[Cgrep "United States" Global\ YouTube\ Statistics.csv | awk -F, '{print $3}' > Subsccribers/United_States.txt
bash-4.4$ grep "United States" Global\ YouTube\ Statistics.csv | awk -F, '{print $3}' > Subsccribers/United_States.txt[A[C[C[C[C[C[C[C[C[C[Cecho "scale=2; $(awk '{ sum += $1; count++ } END { print sum, count }' Subscribers/United_States.txt | awk '{print $1 "/" $2}')" | bc >> Subscribers/United_States.txt[A[C[C[C[C[C[C[C[C[C[Cgrep "Japan" Global\ YouTube\ Statistics.csv | awk -F, '{print $3}' > Subscribers/Japan.txt[K[A[Ccd ..[K
[K[A[C[C[C[C[C[C[C[C[C[C[C[C[C[C[Cnano Japan.txt [C[C[C[C[C[C[C[C[C[C[10Pcd ..grep "Japan" Global\ YouTube\ Statistics.csv | awk -F, '{print $3}' > Subscribers/JJapan.txt[A[Ccd ..[K
[K[A[C[C[C[C[C[C[C[C[C[C[C[C[C[C[Cnano Japan.txt [C[C[C[C[C[C[C[C[C[Cecho "scale=2; $(awk '{ sum += $1; count++ } END { print sum, count }' Japan.txt |  awk '{print $1 "/" $2}')" | bc >> Japan.txt[K[A[C[C[C[C[C[C[C[C[C[Cnano Japan.txt [K
[K[A[C[C[C[C[C[C[C[C[C[C[C[C[C[C[C[C[C[C[C[C[C[C[C[C[C[C[C[C[C[C[C[C[C[C[Cecho "scale=2; $(awk '{ sum += $1; count++ } END { print sum, count }' Japan.txt |  awk '{print $1 "/" $2}')" | bc[A[C[C[C[C[C[C[C[C[C[C[C[C[C[C[C[C[C[C[C[C[C[C[C[C[C[C[C[C[C[C[C[C[C[C[C[C[C[C[C[C[C[C[C[C[C[C[C[C[C[C[C[C[C[C[C[C[C[C[C[C[C[C[C[C[C[C[C[C[C[C[C[C[C[C[C[C[C[C[C[C[C[C[C[C[C[C[C[C[C[C[C.txt | a[1P[A[C[C[C[C[C[C[C[C[C[C[C[C[C[C[C[C[C[C[C[C[C[C[C[C[C[C[C[C[C[C[C[C[C[C[C[C[C[C[C[C[C[C[C[C[C[C[C[C[C[C[C[C[C[C[C[C[C[C[C[C[C[C[C[C[C[C[C[C[C[C[C[C[C[C[C[C[C[C[C[C[C[C[C[C.txt | aw[1P[A[C[C[C[C[C[C[C[C[C[C[C[C[C[C[C[C[C[C[C[C[C[C[C[C[C[C[C[C[C[C[C[C[C[C[C[C[C[C[C[C[C[C[C[C[C[C[C[C[C[C[C[C[C[C[C[C[C[C[C[C[C[C[C[C[C[C[C[C[C[C[C[C[C[C[C[C[C[C[C[C[C[C[C.txt | awk[1P[A[C[C[C[C[C[C[C[C[C[C[C[C[C[C[C[C[C[C[C[C[C[C[C[C[C[C[C[C[C[C[C[C[C[C[C[C[C[C[C[C[C[C[C[C[C[C[C[C[C[C[C[C[C[C[C[C[C[C[C[C[C[C[C[C[C[C[C[C[C[C[C[C[C[C[C[C[C[C[C[C[C[C.txt | awk [1P[A[C[C[C[C[C[C[C[C[C[C[C[C[C[C[C[C[C[C[C[C[C[C[C[C[C[C[C[C[C[C[C[C[C[C[C[C[C[C[C[C[C[C[C[C[C[C[C[C[C[C[C[C[C[C[C[C[C[C[C[C[C[C[C[C[C[C[C[C[C[C[C[C[C[C[C[C[C[C[C[C[C.txt | awk '[1P[A[C[C[C[C[C[C[C[C[C[C[C[C[C[C[C[C[C[C[C[C[C[C[C[C[C[C[C[C[C[C[C[C[C[C[C[C[C[C[C[C[C[C[C[C[C[C[C[C[C[C[C[C[C[C[C[C[C[C[C[C[C[C[C[C[C[C[C[C[C[C[C[C[C[C[C[C[C[C[C[CS.txt | awk [1@'[A[C[C[C[C[C[C[C[C[C[C[C[C[C[C[C[C[C[C[C[C[C[C[C[C[C[C[C[C[C[C[C[C[C[C[C[C[C[C[C[C[C[C[C[C[C[C[C[C[C[C[C[C[C[C[C[C[C[C[C[C[C[C[C[C[C[C[C[C[C[C[C[C[C[C[C[C[C[C[C[Cu.txt | awk[1@ [A[C[C[C[C[C[C[C[C[C[C[C[C[C[C[C[C[C[C[C[C[C[C[C[C[C[C[C[C[C[C[C[C[C[C[C[C[C[C[C[C[C[C[C[C[C[C[C[C[C[C[C[C[C[C[C[C[C[C[C[C[C[C[C[C[C[C[C[C[C[C[C[C[C[C[C[C[C[C[C[C[Cb.txt | aw[1@k[A[C[C[C[C[C[C[C[C[C[C[C[C[C[C[C[C[C[C[C[C[C[C[C[C[C[C[C[C[C[C[C[C[C[C[C[C[C[C[C[C[C[C[C[C[C[C[C[C[C[C[C[C[C[C[C[C[C[C[C[C[C[C[C[C[C[C[C[C[C[C[C[C[C[C[C[C[C[C[C[C[C[Cs.txt | a[1@w[A[C[C[C[C[C[C[C[C[C[C[C[C[C[C[C[C[C[C[C[C[C[C[C[C[C[C[C[C[C[C[C[C[C[C[C[C[C[C[C[C[C[C[C[C[C[C[C[C[C[C[C[C[C[C[C[C[C[C[C[C[C[C[C[C[C[C[C[C[C[C[C[C[C[C[C[C[C[C[C[C[C[C[Cc.txt | [1@a[A[C[C[C[C[C[C[C[C[C[C[C[C[C[C[C[C[C[C[C[C[C[C[C[C[C[C[C[C[C[C[C[C[C[C[C[C[C[C[C[C[C[C[C[C[C[C[C[C[C[C[C[C[C[C[C[C[C[C[C[C[C[C[C[C[C[C[C[C[C[C[C[C[C[C[C[C[C[C[C[C[C[C[C[Cr.txt |[1@ [A[C[C[C[C[C[C[C[C[C[C[C[C[C[C[C[C[C[C[C[C[C[C[C[C[C[C[C[C[C[C[C[C[C[C[C[C[C[C[C[C[C[C[C[C[C[C[C[C[C[C[C[C[C[C[C[C[C[C[C[C[C[C[C[C[C[C[C[C[C[C[C[C[C[C[C[C[C[C[C[C[C[C[C[C[Ci.txt [1@|[A[C[C[C[C[C[C[C[C[C[C[C[C[C[C[C[C[C[C[C[C[C[C[C[C[C[C[C[C[C[C[C[C[C[C[C[C[C[C[C[C[C[C[C[C[C[C[C[C[C[C[C[C[C[C[C[C[C[C[C[C[C[C[C[C[C[C[C[C[C[C[C[C[C[C[C[C[C[C[C[C[C[C[C[C[C[Ce.txt[1@ [A[C[C[C[C[C[C[C[C[C[C[C[C[C[C[C[C[C[C[C[C[C[C[C[C[C[C[C[C[C[C[C[C[C[C[C[C[C[C[C[C[C[C[C[C[C[C[C[C[C[C[C[C[C[C[C[C[C[C[C[C[C[C[C[C[C[C[C[C[C[C[C[C[C[C[C[C[C[C[C[C[C[C[C[C[C[C[Cr.tx[1@t[A[C[C[C[C[C[C[C[C[C[C[C[C[C[C[C[C[C[C[C[C[C[C[C[C[C[C[C[C[C[C[C[C[C[C[C[C[C[C[C[C[C[C[C[C[C[C[C[C[C[C[C[C[C[C[C[C[C[C[C[C[C[C[C[C[C[C[C[C[C[C[C[C[C[C[C[C[C[C[C[C[C[C[C[C[C[C[C[C.txt[1P[A[C[C[C[C[C[C[C[C[C[C[C[C[C[C[C[C[C[C[C[C[C[C[C[C[C[C[C[C[C[C[C[C[C[C[C[C[C[C[C[C[C[C[C[C[C[C[C[C[C[C[C[C[C[C[C[C[C[C[C[C[C[C[C[C[C[C[C[C[C[C[C[C[C[C[C[C[C[C[C[C[C[C[C[C[C[C[C[C.txt [1P[A[C[C[C[C[C[C[C[C[C[C[C[C[C[C[C[C[C[C[C[C[C[C[C[C[C[C[C[C[C[C[C[C[C[C[C[C[C[C[C[C[C[C[C[C[C[C[C[C[C[C[C[C[C[C[C[C[C[C[C[C[C[C[C[C[C[C[C[C[C[C[C[C[C[C[C[C[C[C[C[C[C[C[C[C[C[C[Cb.txt[1@ [A[C[C[C[C[C[C[C[C[C[C[C[C[C[C[C[C[C[C[C[C[C[C[C[C[C[C[C[C[C[C[C[C[C[C[C[C[C[C[C[C[C[C[C[C[C[C[C[C[C[C[C[C[C[C[C[C[C[C[C[C[C[C[C[C[C[C[C[C[C[C[C[C[C[C[C[C[C[C[C[C[C[C[C[C[C[C[Ce.tx[1@t[A[C[C[C[C[C[C[C[C[C[C[C[C[C[C[C[C[C[C[C[C[C[C[C[C[C[C[C[C[C[C[C[C[C[C[C[C[C[C[C[C[C[C[C[C[C[C[C[C[C[C[C[C[C[C[C[C[C[C[C[C[C[C[C[C[C[C[C[C[C[C[C[C[C[C[C[C[C[C[C[C[C[C[C[C[C[C[C[Cr.t[1@x[A[C[C[C[C[C[C[C[C[C[C[C[C[C[C[C[C[C[C[C[C[C[C[C[C[C[C[C[C[C[C[C[C[C[C[C[C[C[C[C[C[C[C[C[C[C[C[C[C[C[C[C[C[C[C[C[C[C[C[C[C[C[C[C[C[C[C[C[C[C[C[C[C[C[C[C[C[C[C[C[C[C[C[C[C[C[C[C[C[Cs.[1@t[1@/[1@J[1@a[1@p[1@a[1@n[C[C[C[C[C[C[C[C[C[C[C[C[C[C[C[C[C[C[C[C[C[C[C[C[C[C[C[C[C[C[C[C[C[C[C[C[C > ws4_means.txt
bash-4.4$ echo "scale=2; $(awk '{ sum += $1; count++ } END { print sum, count }' Subscribers//United_States.txt | awk '{print $1 "/" $2}')" | bc >> ws4_means.txt
bash-4.4$ nano ws4_means.txt 
[?1049h[22;0;0t[1;24r(B[m[4l[?7h[39;49m[?1h=[?1h=[?1h=[?25l[39;49m(B[m[H[2J[22;39H(B[0;7m[ Reading File ](B[m[22;45H(B[0;7m 2 lines ](B[m[H(B[0;7m  GNU nano 2.9.8                          ws4_means.txt                                     [1;91H(B[m[23d(B[0;7m^G(B[m Get Help    (B[0;7m^O(B[m Write Out   (B[0;7m^W(B[m Where Is    (B[0;7m^K(B[m Cut Text    (B[0;7m^J(B[m Justify     (B[0;7m^C(B[m Cur Pos[24d(B[0;7m^X(B[m Exit[24;16H(B[0;7m^R(B[m Read File   (B[0;7m^\(B[m Replace     (B[0;7m^U(B[m Uncut Text  (B[0;7m^T(B[m To Spell    (B[0;7m^_(B[m Go To Line[22d[3d[39;49m(B[m34840000.00[4d23089735.09[A[?12l[?25h[?25l[22d[J[24;92H[?12l[?25h[24;1H[?1049l[23;0;0t[?1l>bash-4.4$ exit

Script done on 2024-04-09 20:44:51-04:00
